# self-healing — 2026-10-07T12:24:52.953Z — TEST_ENV=local — node v26.7.0


Feature: Self-healing exercise - five locators on emicalculator.net broken on purpose

  @ui @external @emicalculator @broken-locator
  Scenario: Wrong id - the tenure box sets the loan tenure        # section-b/self-healing/features/broken-locators.feature:20
    ✔ Given I launch the EMI calculator application               # section-b/emicalculator/steps/emicalculator.steps.ts:22

          Locator "emicalculator.loanTenureBox" failed: page.locator('#loan-term') → No element matched within 5 s.
          Incident: section-b/reports/self-healing/healing/incidents/emicalculator.loanTenureBox.json

    ✘ When I type a tenure of 15 years into the legacy tenure box # section-b/self-healing/steps/self-healing.steps.ts:33
          LocatorHealingError: Locator "emicalculator.loanTenureBox" failed: page.locator('#loan-term') → No element matched within 5 s.
          Self-healing is off. Run "npm run heal" for a validated suggestion. Incident: ./section-b/reports/self-healing/healing/incidents/emicalculator.loanTenureBox.json
              at HealableLocator.heal (./self-healing/runtime.ts:90:13)
              at async CustomWorld.<anonymous> (./section-b/self-healing/steps/self-healing.steps.ts:34:31)
    ↷ Then the EMI shown should match my own calculation          # section-b/emicalculator/steps/emicalculator.steps.ts:71

          Embedding wrong-id-the-tenure-box-sets-the-loan-tenure--01-failure.png [image/png 154095 bytes]


          Page URL at end of scenario: https://emicalculator.net/


          Playwright trace: section-b/reports/self-healing/traces/wrong-id-the-tenure-box-sets-the-loan-tenure.zip (open with: npx playwright show-trace <file>)


  @ui @external @emicalculator @broken-locator
  Scenario: Wrong link text - the Personal Loan tab switches the calculator # section-b/self-healing/features/broken-locators.feature:24
    ✔ Given I launch the EMI calculator application                         # section-b/emicalculator/steps/emicalculator.steps.ts:22

          Locator "emicalculator.personalLoanTab" failed: page.getByRole('link', { name: 'Personal Loans', exact: true }) → No element matched within 5 s.
          Incident: section-b/reports/self-healing/healing/incidents/emicalculator.personalLoanTab.json

    ✘ When I open the Personal Loan tab with the legacy tab link            # section-b/self-healing/steps/self-healing.steps.ts:45
          LocatorHealingError: Locator "emicalculator.personalLoanTab" failed: page.getByRole('link', { name: 'Personal Loans', exact: true }) → No element matched within 5 s.
          Self-healing is off. Run "npm run heal" for a validated suggestion. Incident: ./section-b/reports/self-healing/healing/incidents/emicalculator.personalLoanTab.json
              at HealableLocator.heal (./self-healing/runtime.ts:90:13)
              at async CustomWorld.<anonymous> (./section-b/self-healing/steps/self-healing.steps.ts:46:10)
    ↷ Then the amount box should be labelled "Personal Loan Amount"         # section-b/self-healing/steps/self-healing.steps.ts:49

          Embedding wrong-link-text-the-personal-loan-tab-switches-the-calculator--01-failure.png [image/png 154095 bytes]


          Page URL at end of scenario: https://emicalculator.net/


          Playwright trace: section-b/reports/self-healing/traces/wrong-link-text-the-personal-loan-tab-switches-the-calculator.zip (open with: npx playwright show-trace <file>)


  @ui @external @emicalculator @broken-locator
  Scenario: Ambiguous name - the amount box sets the principal        # section-b/self-healing/features/broken-locators.feature:28
    ✔ Given I launch the EMI calculator application                   # section-b/emicalculator/steps/emicalculator.steps.ts:22

          Locator "emicalculator.homeLoanAmountBox" failed: page.getByRole('textbox', { name: /loan/i }) → 2 elements matched; an action on it would violate strict mode.
          Incident: section-b/reports/self-healing/healing/incidents/emicalculator.homeLoanAmountBox.json

    ✘ When I type a loan amount of 2500000 into the legacy amount box # section-b/self-healing/steps/self-healing.steps.ts:37
          LocatorHealingError: Locator "emicalculator.homeLoanAmountBox" failed: page.getByRole('textbox', { name: /loan/i }) → 2 elements matched; an action on it would violate strict mode.
          Self-healing is off. Run "npm run heal" for a validated suggestion. Incident: ./section-b/reports/self-healing/healing/incidents/emicalculator.homeLoanAmountBox.json
              at HealableLocator.heal (./self-healing/runtime.ts:90:13)
              at async CustomWorld.<anonymous> (./section-b/self-healing/steps/self-healing.steps.ts:38:31)
    ↷ Then the EMI shown should match my own calculation              # section-b/emicalculator/steps/emicalculator.steps.ts:71

          Embedding ambiguous-name-the-amount-box-sets-the-principal--01-failure.png [image/png 148317 bytes]


          Page URL at end of scenario: https://emicalculator.net/


          Playwright trace: section-b/reports/self-healing/traces/ambiguous-name-the-amount-box-sets-the-principal.zip (open with: npx playwright show-trace <file>)


  @ui @external @emicalculator @broken-locator
  Scenario: Positional locator - the interest rate box sets the rate # section-b/self-healing/features/broken-locators.feature:32
    ✔ Given I launch the EMI calculator application                  # section-b/emicalculator/steps/emicalculator.steps.ts:22

          Locator "emicalculator.interestRateBox" failed: page.locator('input[type="text"]').last() → Resolved, but element does not have role textbox named Interest Rate.
          Incident: section-b/reports/self-healing/healing/incidents/emicalculator.interestRateBox.json

    ✘ When I type an interest rate of 10.5 into the legacy rate box  # section-b/self-healing/steps/self-healing.steps.ts:41
          LocatorHealingError: Locator "emicalculator.interestRateBox" failed: page.locator('input[type="text"]').last() → Resolved, but element does not have role textbox named Interest Rate.
          Self-healing is off. Run "npm run heal" for a validated suggestion. Incident: ./section-b/reports/self-healing/healing/incidents/emicalculator.interestRateBox.json
              at HealableLocator.heal (./self-healing/runtime.ts:90:13)
              at async CustomWorld.<anonymous> (./section-b/self-healing/steps/self-healing.steps.ts:42:31)
    ↷ Then the EMI shown should match my own calculation             # section-b/emicalculator/steps/emicalculator.steps.ts:71

          Embedding positional-locator-the-interest-rate-box-sets-the-rate--01-failure.png [image/png 148353 bytes]


          Page URL at end of scenario: https://emicalculator.net/


          Playwright trace: section-b/reports/self-healing/traces/positional-locator-the-interest-rate-box-sets-the-rate.zip (open with: npx playwright show-trace <file>)


  @ui @external @emicalculator @broken-locator @unhealable
  Scenario: Missing feature - e-mailing the repayment schedule # section-b/self-healing/features/broken-locators.feature:37
    ✔ Given I launch the EMI calculator application            # section-b/emicalculator/steps/emicalculator.steps.ts:22

          Locator "emicalculator.emailScheduleButton" failed: page.getByRole('button', { name: 'Email schedule' }) → No element matched within 5 s.
          Incident: section-b/reports/self-healing/healing/incidents/emicalculator.emailScheduleButton.json

    ✘ When I press the legacy Email schedule button            # section-b/self-healing/steps/self-healing.steps.ts:53
          LocatorHealingError: Locator "emicalculator.emailScheduleButton" failed: page.getByRole('button', { name: 'Email schedule' }) → No element matched within 5 s.
          Self-healing is off. Run "npm run heal" for a validated suggestion. Incident: ./section-b/reports/self-healing/healing/incidents/emicalculator.emailScheduleButton.json
              at HealableLocator.heal (./self-healing/runtime.ts:90:13)
              at async CustomWorld.<anonymous> (./section-b/self-healing/steps/self-healing.steps.ts:54:10)
    ↷ Then a form to e-mail the schedule should open           # section-b/self-healing/steps/self-healing.steps.ts:57

          Embedding missing-feature-e-mailing-the-repayment-schedule--01-failure.png [image/png 154095 bytes]


          Page URL at end of scenario: https://emicalculator.net/


          Playwright trace: section-b/reports/self-healing/traces/missing-feature-e-mailing-the-repayment-schedule.zip (open with: npx playwright show-trace <file>)


Failed scenarios:
  1) Wrong id - the tenure box sets the loan tenure # section-b/self-healing/features/broken-locators.feature:20
       When I type a tenure of 15 years into the legacy tenure box # section-b/self-healing/steps/self-healing.steps.ts:33
           LocatorHealingError: Locator "emicalculator.loanTenureBox" failed: page.locator('#loan-term') → No element matched within 5 s.
           Self-healing is off. Run "npm run heal" for a validated suggestion. Incident: ./section-b/reports/self-healing/healing/incidents/emicalculator.loanTenureBox.json
               at HealableLocator.heal (./self-healing/runtime.ts:90:13)
               at async CustomWorld.<anonymous> (./section-b/self-healing/steps/self-healing.steps.ts:34:31)

           Locator "emicalculator.loanTenureBox" failed: page.locator('#loan-term') → No element matched within 5 s.
           Incident: section-b/reports/self-healing/healing/incidents/emicalculator.loanTenureBox.json
  2) Wrong link text - the Personal Loan tab switches the calculator # section-b/self-healing/features/broken-locators.feature:24
       When I open the Personal Loan tab with the legacy tab link # section-b/self-healing/steps/self-healing.steps.ts:45
           LocatorHealingError: Locator "emicalculator.personalLoanTab" failed: page.getByRole('link', { name: 'Personal Loans', exact: true }) → No element matched within 5 s.
           Self-healing is off. Run "npm run heal" for a validated suggestion. Incident: ./section-b/reports/self-healing/healing/incidents/emicalculator.personalLoanTab.json
               at HealableLocator.heal (./self-healing/runtime.ts:90:13)
               at async CustomWorld.<anonymous> (./section-b/self-healing/steps/self-healing.steps.ts:46:10)

           Locator "emicalculator.personalLoanTab" failed: page.getByRole('link', { name: 'Personal Loans', exact: true }) → No element matched within 5 s.
           Incident: section-b/reports/self-healing/healing/incidents/emicalculator.personalLoanTab.json
  3) Ambiguous name - the amount box sets the principal # section-b/self-healing/features/broken-locators.feature:28
       When I type a loan amount of 2500000 into the legacy amount box # section-b/self-healing/steps/self-healing.steps.ts:37
           LocatorHealingError: Locator "emicalculator.homeLoanAmountBox" failed: page.getByRole('textbox', { name: /loan/i }) → 2 elements matched; an action on it would violate strict mode.
           Self-healing is off. Run "npm run heal" for a validated suggestion. Incident: ./section-b/reports/self-healing/healing/incidents/emicalculator.homeLoanAmountBox.json
               at HealableLocator.heal (./self-healing/runtime.ts:90:13)
               at async CustomWorld.<anonymous> (./section-b/self-healing/steps/self-healing.steps.ts:38:31)

           Locator "emicalculator.homeLoanAmountBox" failed: page.getByRole('textbox', { name: /loan/i }) → 2 elements matched; an action on it would violate strict mode.
           Incident: section-b/reports/self-healing/healing/incidents/emicalculator.homeLoanAmountBox.json
  4) Positional locator - the interest rate box sets the rate # section-b/self-healing/features/broken-locators.feature:32
       When I type an interest rate of 10.5 into the legacy rate box # section-b/self-healing/steps/self-healing.steps.ts:41
           LocatorHealingError: Locator "emicalculator.interestRateBox" failed: page.locator('input[type="text"]').last() → Resolved, but element does not have role textbox named Interest Rate.
           Self-healing is off. Run "npm run heal" for a validated suggestion. Incident: ./section-b/reports/self-healing/healing/incidents/emicalculator.interestRateBox.json
               at HealableLocator.heal (./self-healing/runtime.ts:90:13)
               at async CustomWorld.<anonymous> (./section-b/self-healing/steps/self-healing.steps.ts:42:31)

           Locator "emicalculator.interestRateBox" failed: page.locator('input[type="text"]').last() → Resolved, but element does not have role textbox named Interest Rate.
           Incident: section-b/reports/self-healing/healing/incidents/emicalculator.interestRateBox.json
  5) Missing feature - e-mailing the repayment schedule # section-b/self-healing/features/broken-locators.feature:37
       When I press the legacy Email schedule button # section-b/self-healing/steps/self-healing.steps.ts:53
           LocatorHealingError: Locator "emicalculator.emailScheduleButton" failed: page.getByRole('button', { name: 'Email schedule' }) → No element matched within 5 s.
           Self-healing is off. Run "npm run heal" for a validated suggestion. Incident: ./section-b/reports/self-healing/healing/incidents/emicalculator.emailScheduleButton.json
               at HealableLocator.heal (./self-healing/runtime.ts:90:13)
               at async CustomWorld.<anonymous> (./section-b/self-healing/steps/self-healing.steps.ts:54:10)

           Locator "emicalculator.emailScheduleButton" failed: page.getByRole('button', { name: 'Email schedule' }) → No element matched within 5 s.
           Incident: section-b/reports/self-healing/healing/incidents/emicalculator.emailScheduleButton.json

2 hooks (2 passed)
5 scenarios (5 failed)
40 steps (30 passed, 5 skipped, 5 failed)
0m 21.578s (0m 21.566s executing your code)
